C:\Users\pranj\OneDrive\Documents\NetBeansProjects\ApniDukaan\src\main\java\com\learn\mycart\servlets\LoginServlet.java
C:\Users\pranj\OneDrive\Documents\NetBeansProjects\ApniDukaan\src\main\java\com\learn\mycart\helper\FactoryProvider.java
C:\Users\pranj\OneDrive\Documents\NetBeansProjects\ApniDukaan\src\main\java\com\learn\mycart\servlets\LogOutServlet.java
C:\Users\pranj\OneDrive\Documents\NetBeansProjects\ApniDukaan\src\main\java\com\learn\mycart\entities\User.java
C:\Users\pranj\OneDrive\Documents\NetBeansProjects\ApniDukaan\src\main\java\com\learn\mycart\servlets\HtttpSession.java
C:\Users\pranj\OneDrive\Documents\NetBeansProjects\ApniDukaan\src\main\java\com\learn\mycart\helper\Helper.java
C:\Users\pranj\OneDrive\Documents\NetBeansProjects\ApniDukaan\src\main\java\com\mycompany\mycart\resources\JakartaEE8Resource.java
C:\Users\pranj\OneDrive\Documents\NetBeansProjects\ApniDukaan\src\main\java\com\mycompany\mycart\JakartaRestConfiguration.java
C:\Users\pranj\OneDrive\Documents\NetBeansProjects\ApniDukaan\src\main\java\com\learn\mycart\servlets\ProductOperationServlet.java
C:\Users\pranj\OneDrive\Documents\NetBeansProjects\ApniDukaan\src\main\java\com\learn\mycart\dao\CategoryDao.java
C:\Users\pranj\OneDrive\Documents\NetBeansProjects\ApniDukaan\src\main\java\com\learn\mycart\dao\ProductDao.java
C:\Users\pranj\OneDrive\Documents\NetBeansProjects\ApniDukaan\src\main\java\com\learn\mycart\servlets\RegisterServlet.java
C:\Users\pranj\OneDrive\Documents\NetBeansProjects\ApniDukaan\src\main\java\com\learn\mycart\entities\Product.java
C:\Users\pranj\OneDrive\Documents\NetBeansProjects\ApniDukaan\src\main\java\com\learn\mycart\dao\UserDao.java
C:\Users\pranj\OneDrive\Documents\NetBeansProjects\ApniDukaan\src\main\java\com\learn\mycart\entities\Category.java
